// Jest Snapshot v1, https://goo.gl/fbAQLP

exports[`it renders component unchanged 1`] = `
<div>
  <footer
    class="z-50 mx-auto flex w-full flex-row items-center justify-center gap-1 bg-black py-3 text-white"
  >
    <p
      class="text-xs text-white/80"
    >
      ©️ 2024. Developed by Ralph Parin.
    </p>
    <a
      aria-label="External link to source code"
      href="https://github.com/rparin/SpotifyArtistNetwork/tree/Express"
      rel="noopener noreferrer"
      target="_blank"
    >
      <svg
        class="lucide lucide-external-link mb-2 h-[.7rem] w-auto opacity-70"
        fill="none"
        height="24"
        stroke="currentColor"
        stroke-linecap="round"
        stroke-linejoin="round"
        stroke-width="2"
        viewBox="0 0 24 24"
        width="24"
        xmlns="http://www.w3.org/2000/svg"
      >
        <path
          d="M15 3h6v6"
        />
        <path
          d="M10 14 21 3"
        />
        <path
          d="M18 13v6a2 2 0 0 1-2 2H5a2 2 0 0 1-2-2V8a2 2 0 0 1 2-2h6"
        />
      </svg>
    </a>
  </footer>
</div>
`;
