// Jest Snapshot v1, https://goo.gl/fbAQLP

exports[`it renders component unchanged 1`] = `
<div>
  <div
    class="absolute z-[110] flex max-h-screen w-full items-center justify-center text-center"
  >
    <h1
      class="horizontal-mask select-none rounded-lg bg-teal-200/75 px-20 py-2 text-xl font-bold backdrop-blur-md dark:bg-teal-600/60"
    >
      Loading...
    </h1>
  </div>
</div>
`;
