// Jest Snapshot v1, https://goo.gl/fbAQLP

exports[`it renders component unchanged 1`] = `
<div>
  <div
    class="no-scrollbar group relative w-full overflow-y-hidden px-4"
  >
    <button
      aria-label="Genre Tags: Scroll Left"
      class="invisible absolute left-[-0.12rem] top-[-2px] group-focus-within:visible group-hover:visible"
    />
    <button
      aria-label="Genre Tags: Scroll Right"
      class="invisible absolute right-[-0.12rem] top-[-2px] group-focus-within:visible group-hover:visible"
    >
      <svg
        class="lucide lucide-chevron-right"
        fill="none"
        height="24"
        stroke="currentColor"
        stroke-linecap="round"
        stroke-linejoin="round"
        stroke-width="2"
        viewBox="0 0 24 24"
        width="24"
        xmlns="http://www.w3.org/2000/svg"
      >
        <path
          d="m9 18 6-6-6-6"
        />
      </svg>
    </button>
    <ul
      class="no-scrollbar horizontal-mask flex gap-2 overflow-x-scroll whitespace-nowrap px-3 pl-7 text-sm text-black dark:text-white "
      tabindex="0"
    >
      <li
        class="rounded-xl bg-white px-3 dark:bg-black"
      >
        pop
      </li>
      <li
        class="rounded-xl bg-white px-3 dark:bg-black"
      >
        rock
      </li>
    </ul>
  </div>
</div>
`;
