// Jest Snapshot v1, https://goo.gl/fbAQLP

exports[`it renders component unchanged 1`] = `
<div>
  <button
    aria-checked="false"
    aria-label="Toggle Theme"
    class="h-10 border border-input bg-background px-4 hover:bg-accent hover:text-accent-foreground"
    role="switch"
    type="button"
  >
    <svg
      class="lucide lucide-sun dark:hidden"
      fill="none"
      height="24"
      stroke="currentColor"
      stroke-linecap="round"
      stroke-linejoin="round"
      stroke-width="2"
      viewBox="0 0 24 24"
      width="24"
      xmlns="http://www.w3.org/2000/svg"
    >
      <circle
        cx="12"
        cy="12"
        r="4"
      />
      <path
        d="M12 2v2"
      />
      <path
        d="M12 20v2"
      />
      <path
        d="m4.93 4.93 1.41 1.41"
      />
      <path
        d="m17.66 17.66 1.41 1.41"
      />
      <path
        d="M2 12h2"
      />
      <path
        d="M20 12h2"
      />
      <path
        d="m6.34 17.66-1.41 1.41"
      />
      <path
        d="m19.07 4.93-1.41 1.41"
      />
    </svg>
    <svg
      class="lucide lucide-moon hidden dark:block"
      fill="none"
      height="24"
      stroke="currentColor"
      stroke-linecap="round"
      stroke-linejoin="round"
      stroke-width="2"
      viewBox="0 0 24 24"
      width="24"
      xmlns="http://www.w3.org/2000/svg"
    >
      <path
        d="M12 3a6 6 0 0 0 9 9 9 9 0 1 1-9-9Z"
      />
    </svg>
  </button>
</div>
`;
